// Jest Snapshot v1, https://goo.gl/fbAQLP

exports[`MyPage should match snapshot 1`] = `
<body>
  <div>
    <p>
      Loading...
    </p>
    
  </div>
</body>
`;
